../Core/Inc/Ina226/ina226.c:17:10:INA226_getBusVRaw	16	static
../Core/Inc/Ina226/ina226.c:21:10:INA226_getCurrentRaw	16	static
../Core/Inc/Ina226/ina226.c:26:10:INA226_getPowerRaw	16	static
../Core/Inc/Ina226/ina226.c:31:10:INA226_getShuntVRaw	16	static
../Core/Inc/Ina226/ina226.c:36:9:INA226_setConfig	32	static
../Core/Inc/Ina226/ina226.c:44:10:INA226_getConfig	32	static
../Core/Inc/Ina226/ina226.c:52:10:INA226_getShuntVReg	32	static
../Core/Inc/Ina226/ina226.c:60:10:INA226_getBusVReg	32	static
../Core/Inc/Ina226/ina226.c:68:9:INA226_setCalibrationReg	32	static
../Core/Inc/Ina226/ina226.c:76:10:INA226_getCalibrationReg	32	static
../Core/Inc/Ina226/ina226.c:84:10:INA226_getPowerReg	32	static
../Core/Inc/Ina226/ina226.c:92:10:INA226_getCurrentReg	32	static
../Core/Inc/Ina226/ina226.c:100:10:INA226_getManufID	32	static
../Core/Inc/Ina226/ina226.c:108:10:INA226_getDieID	32	static
../Core/Inc/Ina226/ina226.c:116:9:INA226_setMaskEnable	32	static
../Core/Inc/Ina226/ina226.c:124:10:INA226_getMaskEnable	32	static
../Core/Inc/Ina226/ina226.c:132:9:INA226_setAlertLimit	32	static
../Core/Inc/Ina226/ina226.c:140:10:INA226_getAlertLimit	32	static
