../Core/Src/Ina219.cpp:32:1:INA219::INA219(uint8_t, I2C_HandleTypeDef*)	24	static
../Core/Src/Ina219.cpp:43:6:bool INA219::begin()	16	static
../Core/Src/Ina219.cpp:50:6:bool INA219::isConnected()	24	static
../Core/Src/Ina219.cpp:63:9:uint8_t INA219::getAddress()	16	static
../Core/Src/Ina219.cpp:73:7:float INA219::getShuntVoltage()	24	static
../Core/Src/Ina219.cpp:80:7:float INA219::getBusVoltage()	24	static
../Core/Src/Ina219.cpp:92:7:float INA219::getPower()	24	static
../Core/Src/Ina219.cpp:100:7:float INA219::getCurrent()	24	static
../Core/Src/Ina219.cpp:107:6:bool INA219::getMathOverflowFlag()	24	static
../Core/Src/Ina219.cpp:114:6:bool INA219::getConversionFlag()	24	static
../Core/Src/Ina219.cpp:125:6:bool INA219::reset()	24	static
../Core/Src/Ina219.cpp:138:6:bool INA219::setBusVoltageRange(uint8_t)	24	static
../Core/Src/Ina219.cpp:152:9:uint8_t INA219::getBusVoltageRange()	24	static
../Core/Src/Ina219.cpp:160:6:bool INA219::setGain(uint8_t)	24	static
../Core/Src/Ina219.cpp:178:9:uint8_t INA219::getGain()	24	static
../Core/Src/Ina219.cpp:189:5:int INA219::getMaxShuntVoltage()	24	static
../Core/Src/Ina219.cpp:200:6:bool INA219::setBusResolution(uint8_t)	24	static
../Core/Src/Ina219.cpp:215:6:bool INA219::setBusSamples(uint8_t)	24	static
../Core/Src/Ina219.cpp:229:6:bool INA219::setBusADC(uint8_t)	24	static
../Core/Src/Ina219.cpp:242:9:uint8_t INA219::getBusADC()	24	static
../Core/Src/Ina219.cpp:254:6:bool INA219::setShuntResolution(uint8_t)	24	static
../Core/Src/Ina219.cpp:269:6:bool INA219::setShuntSamples(uint8_t)	24	static
../Core/Src/Ina219.cpp:283:6:bool INA219::setShuntADC(uint8_t)	24	static
../Core/Src/Ina219.cpp:296:9:uint8_t INA219::getShuntADC()	24	static
../Core/Src/Ina219.cpp:308:6:bool INA219::setMode(uint8_t)	24	static
../Core/Src/Ina219.cpp:320:9:uint8_t INA219::getMode()	24	static
../Core/Src/Ina219.cpp:332:6:bool INA219::setMaxCurrentShunt(float, float)	32	static
../Core/Src/Ina219.cpp:357:10:uint16_t INA219::_readRegister(uint8_t)	40	static
../Core/Src/Ina219.cpp:366:19:HAL_StatusTypeDef INA219::_writeRegister(uint8_t, uint16_t)	40	static
