../Core/Src/main.c:83:1:__io_putchar	16	static
../Core/Src/main.c:95:5:main	8	static
../Core/Src/main.c:179:6:SystemClock_Config	88	static
../Core/Src/main.c:226:13:MX_I2C1_Init	8	static
../Core/Src/main.c:260:13:MX_IWDG_Init	8	static
../Core/Src/main.c:288:13:MX_TIM3_Init	32	static
../Core/Src/main.c:333:13:MX_TIM4_Init	32	static
../Core/Src/main.c:378:13:MX_USART1_UART_Init	8	static
../Core/Src/main.c:411:13:MX_USART2_UART_Init	8	static
../Core/Src/main.c:442:13:MX_DMA_Init	16	static
../Core/Src/main.c:464:13:MX_GPIO_Init	48	static
../Core/Src/main.c:534:6:Error_Handler	4	static,ignoring_inline_asm
