../Core/Src/main.c:83:1:__io_putchar	16	static
../Core/Src/main.c:95:5:main	8	static
../Core/Src/main.c:179:6:SystemClock_Config	88	static
../Core/Src/main.c:225:13:MX_I2C1_Init	8	static
../Core/Src/main.c:259:13:MX_SPI2_Init	8	static
../Core/Src/main.c:297:13:MX_TIM1_Init	32	static
../Core/Src/main.c:343:13:MX_TIM2_Init	64	static
../Core/Src/main.c:402:13:MX_USART1_UART_Init	8	static
../Core/Src/main.c:435:13:MX_USART2_UART_Init	8	static
../Core/Src/main.c:466:13:MX_DMA_Init	16	static
../Core/Src/main.c:488:13:MX_GPIO_Init	48	static
../Core/Src/main.c:548:6:Error_Handler	4	static,ignoring_inline_asm
